// Jest Snapshot v1, https://jestjs.io/docs/snapshot-testing

exports[`MealIntro component renders meal data correctly 1`] = `
<div>
  <div
    class="relative w-full h-64 md:h-72 "
  >
    <img
      alt="Test Meal"
      class="object-cover w-full rounded"
      data-nimg="fill"
      data-testid="meal-image"
      decoding="async"
      loading="lazy"
      sizes="(max-width: 640px) 100vw, (max-width: 1024px) 50vw, (max-width: 1280px) 33vw, 25vw"
      src="/_next/image?url=%2Ftest-image.jpg&w=3840&q=75"
      srcset="/_next/image?url=%2Ftest-image.jpg&w=256&q=75 256w, /_next/image?url=%2Ftest-image.jpg&w=384&q=75 384w, /_next/image?url=%2Ftest-image.jpg&w=640&q=75 640w, /_next/image?url=%2Ftest-image.jpg&w=750&q=75 750w, /_next/image?url=%2Ftest-image.jpg&w=828&q=75 828w, /_next/image?url=%2Ftest-image.jpg&w=1080&q=75 1080w, /_next/image?url=%2Ftest-image.jpg&w=1200&q=75 1200w, /_next/image?url=%2Ftest-image.jpg&w=1920&q=75 1920w, /_next/image?url=%2Ftest-image.jpg&w=2048&q=75 2048w, /_next/image?url=%2Ftest-image.jpg&w=3840&q=75 3840w"
      style="position: absolute; height: 100%; width: 100%; left: 0px; top: 0px; right: 0px; bottom: 0px; color: transparent;"
    />
  </div>
  <h1
    class="text-3xl font-bold mb-2 text-teal-50"
  >
    Test Meal
  </h1>
  <p
    class="mb-4 text-teal-100 p-6"
  >
    <span
      class="font-semibold"
    >
      Category:
    </span>
     
    Test Category
     | 
    <span
      class="font-semibold"
    >
      Area:
    </span>
     
    Test Area
  </p>
</div>
`;
